<html>
<body>
<pre>
<h1>µVision Build Log</h1>
<h2>Tool Versions:</h2>
IDE-Version: µVision V5.28.0.0
Copyright (C) 2019 ARM Ltd and ARM Germany GmbH. All rights reserved.
License Information: Fowad Sohail, Rowan University, LIC=----
 
Tool Versions:
Toolchain:       MDK-Lite  Version: 5.28.0.0
Toolchain Path:  E:\Keil_v5\ARM\ARMCC\Bin
C Compiler:      Armcc.exe V5.06 update 6 (build 750)
Assembler:       Armasm.exe V5.06 update 6 (build 750)
Linker/Locator:  ArmLink.exe V5.06 update 6 (build 750)
Library Manager: ArmAr.exe V5.06 update 6 (build 750)
Hex Converter:   FromElf.exe V5.06 update 6 (build 750)
CPU DLL:         SARMCM3.DLL V5.28.0.0
Dialog DLL:      DCM.DLL V1.17.3.0
Target DLL:      CMSIS_AGDI.dll V1.31.18.0
Dialog DLL:      TCM.DLL V1.36.2.0
 
<h2>Project:</h2>
C:\Users\Fowad\OneDrive\School\Junior Year\Embedded\7-seg-assembly\7-seg-assembly.uvprojx
Project File Date:  11/17/2019

<h2>Output:</h2>
*** Using Compiler 'V5.06 update 6 (build 750)', folder: 'E:\Keil_v5\ARM\ARMCC\Bin'
Rebuild target 'Target 1'
assembling startup_msp432p401r_uvision.s...
assembling asm_main.s...
asm_main.s(66): warning: A1865W: '#' not seen before constant expression
asm_main.s(95): warning: A1865W: '#' not seen before constant expression
asm_main.s(119): warning: A1865W: '#' not seen before constant expression
asm_main.s(125): warning: A1865W: '#' not seen before constant expression
asm_main.s(142): warning: A1865W: '#' not seen before constant expression
asm_main.s(148): warning: A1865W: '#' not seen before constant expression
asm_main.s(168): warning: A1865W: '#' not seen before constant expression
asm_main.s(174): warning: A1865W: '#' not seen before constant expression
asm_main.s(194): warning: A1865W: '#' not seen before constant expression
asm_main.s(200): warning: A1865W: '#' not seen before constant expression
asm_main.s(219): warning: A1865W: '#' not seen before constant expression
asm_main.s(225): warning: A1865W: '#' not seen before constant expression
asm_main.s(245): warning: A1865W: '#' not seen before constant expression
asm_main.s(251): warning: A1865W: '#' not seen before constant expression
asm_main.s(272): warning: A1865W: '#' not seen before constant expression
asm_main.s(278): warning: A1865W: '#' not seen before constant expression
asm_main.s(296): warning: A1865W: '#' not seen before constant expression
asm_main.s(302): warning: A1865W: '#' not seen before constant expression
asm_main.s(324): warning: A1865W: '#' not seen before constant expression
asm_main.s(330): warning: A1865W: '#' not seen before constant expression
asm_main.s(351): warning: A1865W: '#' not seen before constant expression
asm_main.s(357): warning: A1865W: '#' not seen before constant expression
asm_main.s(378): warning: A1865W: '#' not seen before constant expression
asm_main.s(384): warning: A1865W: '#' not seen before constant expression
asm_main.s(404): warning: A1865W: '#' not seen before constant expression
asm_main.s(410): warning: A1865W: '#' not seen before constant expression
asm_main.s(429): warning: A1865W: '#' not seen before constant expression
asm_main.s(435): warning: A1865W: '#' not seen before constant expression
asm_main.s(455): warning: A1865W: '#' not seen before constant expression
asm_main.s(461): warning: A1865W: '#' not seen before constant expression
asm_main.s(481): warning: A1865W: '#' not seen before constant expression
asm_main.s(488): warning: A1865W: '#' not seen before constant expression
asm_main.s(512): warning: A1865W: '#' not seen before constant expression
asm_main.s(530): warning: A1865W: '#' not seen before constant expression
asm_main.s(537): warning: A1865W: '#' not seen before constant expression
asm_main.s(544): warning: A1865W: '#' not seen before constant expression
asm_main.s(551): warning: A1865W: '#' not seen before constant expression
asm_main.s(558): warning: A1865W: '#' not seen before constant expression
asm_main.s(565): warning: A1865W: '#' not seen before constant expression
asm_main.s(572): warning: A1865W: '#' not seen before constant expression
compiling main.c...
main.c(46): warning:  #223-D: function "asm_main" declared implicitly
  		asm_main(); // to call assembly code
main.c: 1 warning, 0 errors
compiling system_msp432p401r.c...
linking...
Program Size: Code=1512 RO-data=340 RW-data=0 ZI-data=608  
".\Objects\7-seg-assembly.axf" - 0 Error(s), 41 Warning(s).

<h2>Software Packages used:</h2>

Package Vendor: ARM
                http://www.keil.com/pack/ARM.CMSIS.5.5.1.pack
                ARM.CMSIS.5.5.1
                CMSIS (Cortex Microcontroller Software Interface Standard)
   * Component: CORE Version: 5.2.0

Package Vendor: TexasInstruments
                http://software-dl.ti.com/msp430/msp430_public_sw/mcu/msp430/msp432cmsis/latest/exports/TexasInstruments.MSP432P4xx_DFP.3.2.6.pack
                TexasInstruments.MSP432P4xx_DFP.3.2.6
                Device Family Pack for Texas Instruments SimpleLink(TM) MSP432 Series
   * Component: Startup Version: 3.2.2

<h2>Collection of Component include folders:</h2>
  .\RTE\_Target_1
  E:\Users\Fowad\AppData\Local\Arm\Packs\ARM\CMSIS\5.5.1\CMSIS\Core\Include
  E:\Users\Fowad\AppData\Local\Arm\Packs\TexasInstruments\MSP432P4xx_DFP\3.2.6\Device\Include

<h2>Collection of Component Files used:</h2>

   * Component: ARM::CMSIS:CORE:5.2.0

   * Component: TexasInstruments::Device:Startup:3.2.2
      Source file:   Device\Source\startup_msp432p401r_uvision.s
      Source file:   Examples\BlinkLED\blinkLED.c
      Include file:  Device\Include\msp_compatibility.h
      Source file:   Device\Source\system_msp432p401r.c
      Source file:   Examples\EmptyMain\main.c
Build Time Elapsed:  00:00:00
</pre>
</body>
</html>
