<html>
<body>
<pre>
<h1>µVision Build Log</h1>
<h2>Tool Versions:</h2>
IDE-Version: µVision V5.28.0.0
Copyright (C) 2019 ARM Ltd and ARM Germany GmbH. All rights reserved.
License Information: Fowad Sohail, Rowan University, LIC=----
 
Tool Versions:
Toolchain:       MDK-Lite  Version: 5.28.0.0
Toolchain Path:  E:\Keil_v5\ARM\ARMCC\Bin
C Compiler:      Armcc.exe V5.06 update 6 (build 750)
Assembler:       Armasm.exe V5.06 update 6 (build 750)
Linker/Locator:  ArmLink.exe V5.06 update 6 (build 750)
Library Manager: ArmAr.exe V5.06 update 6 (build 750)
Hex Converter:   FromElf.exe V5.06 update 6 (build 750)
CPU DLL:         SARMCM3.DLL V5.28.0.0
Dialog DLL:      DCM.DLL V1.17.3.0
Target DLL:      CMSIS_AGDI.dll V1.31.18.0
Dialog DLL:      TCM.DLL V1.36.2.0
 
<h2>Project:</h2>
C:\Users\Fowad\OneDrive\School\Junior Year\Embedded\7-seg-assembly\7-seg-assembly.uvprojx
Project File Date:  11/17/2019

<h2>Output:</h2>
*** Using Compiler 'V5.06 update 6 (build 750)', folder: 'E:\Keil_v5\ARM\ARMCC\Bin'
Rebuild target 'Target 1'
assembling startup_msp432p401r_uvision.s...
assembling asm_main.s...
asm_main.s(612): warning: A1865W: '#' not seen before constant expression
asm_main.s(613): warning: A1865W: '#' not seen before constant expression
asm_main.s(614): warning: A1865W: '#' not seen before constant expression
asm_main.s(615): warning: A1865W: '#' not seen before constant expression
asm_main.s(616): warning: A1865W: '#' not seen before constant expression
asm_main.s(622): warning: A1865W: '#' not seen before constant expression
asm_main.s(623): warning: A1865W: '#' not seen before constant expression
asm_main.s(624): warning: A1865W: '#' not seen before constant expression
asm_main.s(625): warning: A1865W: '#' not seen before constant expression
asm_main.s(626): warning: A1865W: '#' not seen before constant expression
asm_main.s(640): warning: A1865W: '#' not seen before constant expression
asm_main.s(643): warning: A1865W: '#' not seen before constant expression
asm_main.s(657): warning: A1865W: '#' not seen before constant expression
asm_main.s(660): warning: A1865W: '#' not seen before constant expression
asm_main.s(663): warning: A1865W: '#' not seen before constant expression
asm_main.s(677): warning: A1865W: '#' not seen before constant expression
asm_main.s(680): warning: A1865W: '#' not seen before constant expression
asm_main.s(683): warning: A1865W: '#' not seen before constant expression
asm_main.s(698): warning: A1865W: '#' not seen before constant expression
asm_main.s(701): warning: A1865W: '#' not seen before constant expression
asm_main.s(704): warning: A1865W: '#' not seen before constant expression
asm_main.s(718): warning: A1865W: '#' not seen before constant expression
asm_main.s(721): warning: A1865W: '#' not seen before constant expression
asm_main.s(724): warning: A1865W: '#' not seen before constant expression
asm_main.s(738): warning: A1865W: '#' not seen before constant expression
asm_main.s(741): warning: A1865W: '#' not seen before constant expression
asm_main.s(744): warning: A1865W: '#' not seen before constant expression
asm_main.s(758): warning: A1865W: '#' not seen before constant expression
asm_main.s(761): warning: A1865W: '#' not seen before constant expression
asm_main.s(764): warning: A1865W: '#' not seen before constant expression
asm_main.s(777): warning: A1865W: '#' not seen before constant expression
asm_main.s(780): warning: A1865W: '#' not seen before constant expression
asm_main.s(783): warning: A1865W: '#' not seen before constant expression
asm_main.s(796): warning: A1865W: '#' not seen before constant expression
asm_main.s(799): warning: A1865W: '#' not seen before constant expression
asm_main.s(802): warning: A1865W: '#' not seen before constant expression
asm_main.s(815): warning: A1865W: '#' not seen before constant expression
asm_main.s(818): warning: A1865W: '#' not seen before constant expression
asm_main.s(821): warning: A1865W: '#' not seen before constant expression
asm_main.s(834): warning: A1865W: '#' not seen before constant expression
asm_main.s(837): warning: A1865W: '#' not seen before constant expression
asm_main.s(840): warning: A1865W: '#' not seen before constant expression
asm_main.s(853): warning: A1865W: '#' not seen before constant expression
asm_main.s(856): warning: A1865W: '#' not seen before constant expression
asm_main.s(859): warning: A1865W: '#' not seen before constant expression
asm_main.s(872): warning: A1865W: '#' not seen before constant expression
asm_main.s(875): warning: A1865W: '#' not seen before constant expression
asm_main.s(878): warning: A1865W: '#' not seen before constant expression
asm_main.s(891): warning: A1865W: '#' not seen before constant expression
asm_main.s(894): warning: A1865W: '#' not seen before constant expression
asm_main.s(897): warning: A1865W: '#' not seen before constant expression
asm_main.s(910): warning: A1865W: '#' not seen before constant expression
asm_main.s(913): warning: A1865W: '#' not seen before constant expression
asm_main.s(916): warning: A1865W: '#' not seen before constant expression
asm_main.s(930): warning: A1865W: '#' not seen before constant expression
asm_main.s(933): warning: A1865W: '#' not seen before constant expression
asm_main.s(936): warning: A1865W: '#' not seen before constant expression
asm_main.s(949): warning: A1865W: '#' not seen before constant expression
asm_main.s(950): warning: A1865W: '#' not seen before constant expression
asm_main.s(954): warning: A1865W: '#' not seen before constant expression
asm_main.s(955): warning: A1865W: '#' not seen before constant expression
asm_main.s(956): warning: A1865W: '#' not seen before constant expression
asm_main.s(957): warning: A1865W: '#' not seen before constant expression
asm_main.s(958): warning: A1865W: '#' not seen before constant expression
asm_main.s(966): warning: A1865W: '#' not seen before constant expression
asm_main.s(967): warning: A1865W: '#' not seen before constant expression
asm_main.s(971): warning: A1865W: '#' not seen before constant expression
asm_main.s(972): warning: A1865W: '#' not seen before constant expression
asm_main.s(973): warning: A1865W: '#' not seen before constant expression
asm_main.s(974): warning: A1865W: '#' not seen before constant expression
asm_main.s(975): warning: A1865W: '#' not seen before constant expression
asm_main.s(982): warning: A1865W: '#' not seen before constant expression
asm_main.s(983): warning: A1865W: '#' not seen before constant expression
asm_main.s(987): warning: A1865W: '#' not seen before constant expression
asm_main.s(988): warning: A1865W: '#' not seen before constant expression
asm_main.s(989): warning: A1865W: '#' not seen before constant expression
asm_main.s(990): warning: A1865W: '#' not seen before constant expression
asm_main.s(991): warning: A1865W: '#' not seen before constant expression
asm_main.s(1000): warning: A1865W: '#' not seen before constant expression
asm_main.s(1001): warning: A1865W: '#' not seen before constant expression
asm_main.s(1005): warning: A1865W: '#' not seen before constant expression
asm_main.s(1006): warning: A1865W: '#' not seen before constant expression
asm_main.s(1007): warning: A1865W: '#' not seen before constant expression
asm_main.s(1008): warning: A1865W: '#' not seen before constant expression
asm_main.s(1009): warning: A1865W: '#' not seen before constant expression
asm_main.s(1018): warning: A1865W: '#' not seen before constant expression
asm_main.s(1019): warning: A1865W: '#' not seen before constant expression
asm_main.s(1023): warning: A1865W: '#' not seen before constant expression
asm_main.s(1024): warning: A1865W: '#' not seen before constant expression
asm_main.s(1025): warning: A1865W: '#' not seen before constant expression
asm_main.s(1026): warning: A1865W: '#' not seen before constant expression
asm_main.s(1027): warning: A1865W: '#' not seen before constant expression
asm_main.s(1035): warning: A1865W: '#' not seen before constant expression
asm_main.s(1036): warning: A1865W: '#' not seen before constant expression
asm_main.s(1040): warning: A1865W: '#' not seen before constant expression
asm_main.s(1041): warning: A1865W: '#' not seen before constant expression
asm_main.s(1042): warning: A1865W: '#' not seen before constant expression
asm_main.s(1043): warning: A1865W: '#' not seen before constant expression
asm_main.s(1044): warning: A1865W: '#' not seen before constant expression
asm_main.s(1053): warning: A1865W: '#' not seen before constant expression
asm_main.s(1054): warning: A1865W: '#' not seen before constant expression
asm_main.s(1058): warning: A1865W: '#' not seen before constant expression
asm_main.s(1059): warning: A1865W: '#' not seen before constant expression
asm_main.s(1060): warning: A1865W: '#' not seen before constant expression
asm_main.s(1061): warning: A1865W: '#' not seen before constant expression
asm_main.s(1062): warning: A1865W: '#' not seen before constant expression
asm_main.s(1071): warning: A1865W: '#' not seen before constant expression
asm_main.s(1072): warning: A1865W: '#' not seen before constant expression
asm_main.s(1076): warning: A1865W: '#' not seen before constant expression
asm_main.s(1077): warning: A1865W: '#' not seen before constant expression
asm_main.s(1078): warning: A1865W: '#' not seen before constant expression
asm_main.s(1079): warning: A1865W: '#' not seen before constant expression
asm_main.s(1080): warning: A1865W: '#' not seen before constant expression
asm_main.s(1089): warning: A1865W: '#' not seen before constant expression
asm_main.s(1090): warning: A1865W: '#' not seen before constant expression
asm_main.s(1094): warning: A1865W: '#' not seen before constant expression
asm_main.s(1095): warning: A1865W: '#' not seen before constant expression
asm_main.s(1096): warning: A1865W: '#' not seen before constant expression
asm_main.s(1097): warning: A1865W: '#' not seen before constant expression
asm_main.s(1098): warning: A1865W: '#' not seen before constant expression
asm_main.s(1107): warning: A1865W: '#' not seen before constant expression
asm_main.s(1108): warning: A1865W: '#' not seen before constant expression
asm_main.s(1112): warning: A1865W: '#' not seen before constant expression
asm_main.s(1113): warning: A1865W: '#' not seen before constant expression
asm_main.s(1114): warning: A1865W: '#' not seen before constant expression
asm_main.s(1115): warning: A1865W: '#' not seen before constant expression
asm_main.s(1116): warning: A1865W: '#' not seen before constant expression
asm_main.s(1125): warning: A1865W: '#' not seen before constant expression
asm_main.s(1126): warning: A1865W: '#' not seen before constant expression
asm_main.s(1130): warning: A1865W: '#' not seen before constant expression
asm_main.s(1131): warning: A1865W: '#' not seen before constant expression
asm_main.s(1132): warning: A1865W: '#' not seen before constant expression
asm_main.s(1133): warning: A1865W: '#' not seen before constant expression
asm_main.s(1134): warning: A1865W: '#' not seen before constant expression
asm_main.s(1141): warning: A1865W: '#' not seen before constant expression
asm_main.s(1142): warning: A1865W: '#' not seen before constant expression
asm_main.s(1146): warning: A1865W: '#' not seen before constant expression
asm_main.s(1147): warning: A1865W: '#' not seen before constant expression
asm_main.s(1148): warning: A1865W: '#' not seen before constant expression
asm_main.s(1149): warning: A1865W: '#' not seen before constant expression
asm_main.s(1150): warning: A1865W: '#' not seen before constant expression
asm_main.s(1159): warning: A1865W: '#' not seen before constant expression
asm_main.s(1160): warning: A1865W: '#' not seen before constant expression
asm_main.s(1164): warning: A1865W: '#' not seen before constant expression
asm_main.s(1165): warning: A1865W: '#' not seen before constant expression
asm_main.s(1166): warning: A1865W: '#' not seen before constant expression
asm_main.s(1167): warning: A1865W: '#' not seen before constant expression
asm_main.s(1168): warning: A1865W: '#' not seen before constant expression
asm_main.s(1177): warning: A1865W: '#' not seen before constant expression
asm_main.s(1178): warning: A1865W: '#' not seen before constant expression
asm_main.s(1182): warning: A1865W: '#' not seen before constant expression
asm_main.s(1183): warning: A1865W: '#' not seen before constant expression
asm_main.s(1184): warning: A1865W: '#' not seen before constant expression
asm_main.s(1185): warning: A1865W: '#' not seen before constant expression
asm_main.s(1186): warning: A1865W: '#' not seen before constant expression
asm_main.s(1195): warning: A1865W: '#' not seen before constant expression
asm_main.s(1196): warning: A1865W: '#' not seen before constant expression
asm_main.s(1200): warning: A1865W: '#' not seen before constant expression
asm_main.s(1201): warning: A1865W: '#' not seen before constant expression
asm_main.s(1202): warning: A1865W: '#' not seen before constant expression
asm_main.s(1203): warning: A1865W: '#' not seen before constant expression
asm_main.s(1204): warning: A1865W: '#' not seen before constant expression
asm_main.s(1213): warning: A1865W: '#' not seen before constant expression
asm_main.s(1214): warning: A1865W: '#' not seen before constant expression
asm_main.s(1218): warning: A1865W: '#' not seen before constant expression
asm_main.s(1219): warning: A1865W: '#' not seen before constant expression
asm_main.s(1220): warning: A1865W: '#' not seen before constant expression
asm_main.s(1221): warning: A1865W: '#' not seen before constant expression
asm_main.s(1222): warning: A1865W: '#' not seen before constant expression
asm_main.s(667): warning: A1581W: Added 2 bytes of padding at address 0x86
asm_main.s(687): warning: A1581W: Added 2 bytes of padding at address 0xb2
asm_main.s(708): warning: A1581W: Added 2 bytes of padding at address 0xde
asm_main.s(920): warning: A1581W: Added 2 bytes of padding at address 0x25e
asm_main.s(940): warning: A1581W: Added 2 bytes of padding at address 0x28e
asm_main.s(1233): warning: A1581W: Added 2 bytes of padding at address 0x51e
compiling main.c...
main.c(46): warning:  #223-D: function "asm_main" declared implicitly
  		asm_main(); // to call assembly code
main.c: 1 warning, 0 errors
compiling system_msp432p401r.c...
linking...
Program Size: Code=1776 RO-data=340 RW-data=0 ZI-data=608  
".\Objects\7-seg-assembly.axf" - 0 Error(s), 176 Warning(s).

<h2>Software Packages used:</h2>

Package Vendor: ARM
                http://www.keil.com/pack/ARM.CMSIS.5.5.1.pack
                ARM.CMSIS.5.5.1
                CMSIS (Cortex Microcontroller Software Interface Standard)
   * Component: CORE Version: 5.2.0

Package Vendor: TexasInstruments
                http://software-dl.ti.com/msp430/msp430_public_sw/mcu/msp430/msp432cmsis/latest/exports/TexasInstruments.MSP432P4xx_DFP.3.2.6.pack
                TexasInstruments.MSP432P4xx_DFP.3.2.6
                Device Family Pack for Texas Instruments SimpleLink(TM) MSP432 Series
   * Component: Startup Version: 3.2.2

<h2>Collection of Component include folders:</h2>
  .\RTE\_Target_1
  E:\Users\Fowad\AppData\Local\Arm\Packs\ARM\CMSIS\5.5.1\CMSIS\Core\Include
  E:\Users\Fowad\AppData\Local\Arm\Packs\TexasInstruments\MSP432P4xx_DFP\3.2.6\Device\Include

<h2>Collection of Component Files used:</h2>

   * Component: ARM::CMSIS:CORE:5.2.0

   * Component: TexasInstruments::Device:Startup:3.2.2
      Source file:   Device\Source\system_msp432p401r.c
      Include file:  Device\Include\msp_compatibility.h
      Source file:   Examples\BlinkLED\blinkLED.c
      Source file:   Examples\EmptyMain\main.c
      Source file:   Device\Source\startup_msp432p401r_uvision.s
Build Time Elapsed:  00:00:01
</pre>
</body>
</html>
